require Socket.Buf
true
a = %Socket.Buf{}
%Socket.Buf{addr: (Ptr) 0x0,
            addr_len: (U32) 0,
            addr_str: "",
            sockfd: (S64) -1,
            buf_rw: %BufRW{r: (Ptr) 0x0,
                           w: (Ptr) 0x0}}
a.buf_rw
%BufRW{r: (Ptr) 0x0,
       w: (Ptr) 0x0}
