HTTP
HTTP.Request
void
void
void
{(Uw) 0, void, GET, "/next", ""}
{(Uw) 0, void, GET, "/next", ""}
{(Uw) 4, "abcd", GET, "/next", ""}
{(Uw) 4, "abcd", GET, "/next", ""}
{(Uw) 12, "abcdefghijkl", GET, "/next", ""}
{(Uw) 4, "abcd", GET, "/next", ""}
{(Uw) 4, "abcd", GET, "/next", ""}
{(Uw) 4, "abcd", GET, "/next", ""}
http_request_buf_parse: invalid Content-Length
http_request_buf_parse: error
{true, true}
http_request_buf_parse: invalid Content-Length
http_request_buf_parse: error
{true, true}
http_request_buf_parse: invalid Content-Length
http_request_buf_parse: error
{true, true}
http_request_buf_parse: invalid Content-Length
http_request_buf_parse: error
{true, true}
http_request_buf_parse: invalid Content-Length
http_request_buf_parse: error
{true, true}
http_request_buf_parse: invalid Content-Length
http_request_buf_parse: error
{true, true}
http_request_buf_parse: invalid Content-Length
http_request_buf_parse: error
{true, true}
http_request_buf_parse: invalid Content-Length
http_request_buf_parse: error
{true, true}
http_request_buf_parse: invalid Content-Length
http_request_buf_parse: error
{true, true}
http_request_buf_parse: invalid Content-Length
http_request_buf_parse: error
{true, true}
http_request_buf_parse: invalid Content-Length
http_request_buf_parse: error
{true, true}
http_request_buf_parse: invalid Content-Length
http_request_buf_parse: error
{true, true}
http_request_buf_parse: invalid Content-Length
http_request_buf_parse: error
{true, true}
http_request_buf_parse: invalid Content-Length
http_request_buf_parse: error
{true, true}
http_request_buf_parse: invalid Content-Length
http_request_buf_parse: error
{true, true}
http_request_buf_parse: invalid Content-Length
http_request_buf_parse: error
{true, true}
http_request_buf_parse: invalid Content-Length
http_request_buf_parse: error
{true, true}
http_request_buf_parse: invalid Content-Length
http_request_buf_parse: error
{true, true}
http_request_buf_parse: invalid Content-Length
http_request_buf_parse: error
{true, true}
http_request_buf_parse: invalid Content-Length
http_request_buf_parse: error
{true, true}
http_request_buf_parse: invalid Content-Length
http_request_buf_parse: error
{true, true}
http_request_buf_parse: invalid Content-Length
http_request_buf_parse: error
{true, true}
http_request_buf_parse: invalid Content-Length
http_request_buf_parse: error
{true, true}
http_request_buf_parse: invalid Content-Length
http_request_buf_parse: error
{true, true}
http_request_buf_parse: conflicting Content-Length
http_request_buf_parse: error
{true, true}
http_request_buf_parse: conflicting Content-Length
http_request_buf_parse: error
{true, true}
http_request_buf_parse: invalid Content-Length
http_request_buf_parse: error
{true, true}
http_request_buf_parse: invalid Content-Length
http_request_buf_parse: error
{true, true}
