HTTP.Response
void
void
{true, true, true, true, true}
{true, true, true, true, true}
{true, true, true, true, true}
{true, true, true, true, true}
{true, true, true, true, true}
{true, true, true, true, true}
{true, true, true, true, true}
{true, true, true}
{true, true, true, true}
void
http_response_buf_parse: buf_read
{true, true}
{true, true}
{true, true}
http_response_buf_parse: buf_read
{true, true}
http_response_buf_parse: chunk_size_str
{true, true}
{true, true}
{true, true}
