server: listening on 15008
server: starting acceptor loop
server: acceptor loop started, waiting for client
client: connecting to 15008
client: adding fact
client: checking for facts
client: has %FactW{subject: :a,
       predicate: :b,
       object: :c,
       id: (Uw) 1}
client: OK
server: received %FactW{subject: :a,
       predicate: :b,
       object: :c,
       id: (Uw) 1}
server: OK
