server: listening on 15005
server: starting acceptor loop
server: acceptor loop started, waiting for clients
client1: connecting to 15005
client1: adding fact
client2: connecting to 15005
client2: adding fact
client1: checking for facts
client1: has %FactW{subject: :client1,
       predicate: :says,
       object: :hello,
       id: (Uw) 0}
client1: has %FactW{subject: :client2,
       predicate: :says,
       object: :world,
       id: (Uw) 0}
client: OK
server: received %FactW{subject: :client1,
       predicate: :says,
       object: :hello,
       id: (Uw) 0}
server: received %FactW{subject: :client2,
       predicate: :says,
       object: :world,
       id: (Uw) 0}
server: OK
socket_buf_init_accept: -1: accept: Software caused connection abort
kc3_tls_server_init_accept: socket_buf_init_accept
tls_facts_accept: kc3_tls_server_init_accept
