require Socket
Socket
require Socket.Buf
Socket.Buf
require TLS
TLS
TLS.init()
TLS
(config = TLS.Config.new()) ; void
void
TLS.Config.set_ca_file(config, TLS.ca_cert_path()) ; void
void
(server = Socket.listen("127.0.0.1", "57000")) ; void
void
(client = Socket.Buf.connect("127.0.0.1", "57000")) ; void
void
(server_client = Socket.Buf.accept(server)) ; void
void
Socket.Buf.close(server_client)
void
Socket.Buf.close(client)
void
Socket.close(server)
void
