require Buf
Buf
%Buf{}
%Buf{flush: (Ptr) 0,
     free: false,
     line: (Sw) 0,
     pretty: %Pretty{base_column: (Uw) 0,
                     column: (Sw) 0,
                     disable: false},
     ptr: (Ptr) 0,
     read_only: false,
     refill: (Ptr) 0,
     rpos: (Uw) 0,
     rwlock: (Rwlock*) 0,
     save: (Ptr) 0,
     seek: (Ptr) 0,
     size: (Uw) 0,
     tell: (Ptr) 0,
     total_size: (Ptr) 0,
     user_ptr: (Ptr) 0,
     wpos: (Uw) 0}
