%KC3.Operator{}
%KC3.Operator{sym: :+, symbol_value: ?, operator_precedence: (U8) 0, operator_associativity: :left}
def operator_muul = %KC3.Operator{sym: :****, symbol_value: cfn Tag "tag_mul" (Tag, Tag, Result), operator_precedence: (U8) 11, operator_associativity: :left}
operator_muul
(U8) 4 **** (U8) 4
(U16) 16
(U8) 4 **** (U8) 4 **** (U8) 4
(U32) 64
(U8) 4 **** (U8) 4 + (U8) 4
(U16) 20
