Facts.with_tuple(Facts.env_facts(), {KC3, :operator, ?}, fn (fact) { puts(fact.object); void })
operator_eq
operator_gt
operator_lt
operator_or
operator_add
operator_and
operator_bor
operator_div
operator_gte
operator_lte
operator_mod
operator_mul
operator_neg
operator_not
operator_pin
operator_sub
operator_addi
operator_band
operator_bnot
operator_bxor
operator_equal
operator_paren
operator_not_eq
operator_require
operator_brackets
operator_defstruct
operator_shift_left
operator_shift_right
void
