true
Facts.with(Facts.env_db(), [[op = ?, :is_a, :op], [op, :op_sym, sym = ?]], fn (fact) { puts("#{inspect(sym)} #{inspect(op)}"); 1 })
:"()" :op_1
:+ :op_10
:+i :op_11
:- :op_12
:<< :op_13
:>> :op_14
:< :op_15
:<= :op_16
:> :op_17
:>= :op_18
:== :op_19
:"[]" :op_2
:!= :op_20
:& :op_21
:^ :op_22
:bor :op_23
:&& :op_24
:|| :op_25
:<- :op_26
:← :op_27
:= :op_28
:";" :op_29
:~ :op_3
:- :op_4
:! :op_5
:^ :op_6
:/ :op_7
:mod :op_8
:* :op_9
1
Facts.with(Facts.env_db(), [[op = ?, :op_sym, sym = ?]], fn (fact) { puts("#{inspect(sym)} #{inspect(op)}"); 2 })
:! :op_5
:!= :op_20
:& :op_21
:&& :op_24
:"()" :op_1
:* :op_9
:+ :op_10
:+i :op_11
:- :op_12
:- :op_4
:/ :op_7
:";" :op_29
:< :op_15
:<- :op_26
:<< :op_13
:<= :op_16
:= :op_28
:== :op_19
:> :op_17
:>= :op_18
:>> :op_14
:"[]" :op_2
:^ :op_22
:^ :op_6
:bor :op_23
:mod :op_8
:|| :op_25
:~ :op_3
:← :op_27
2
