%Fact{}
%Fact{subject: (Ptr) 0x0,
      predicate: (Ptr) 0x0,
      object: (Ptr) 0x0,
      id: (Uw) 0}
db = Facts.database() ; void
void
Facts.add_tags(db, 1, 2, 3)
%FactW{subject: 1,
       predicate: 2,
       object: 3,
       id: (Uw) 0}
Facts.add_tags(db, 4, 5, 6)
%FactW{subject: 4,
       predicate: 5,
       object: 6,
       id: (Uw) 0}
Facts.with_tags(db, s = ?, p = ?, o = ?, fn (fact) { puts(fact) ; :ok })
%FactW{subject: 1,
       predicate: 2,
       object: 3,
       id: (Uw) 0}
%FactW{subject: 4,
       predicate: 5,
       object: 6,
       id: (Uw) 0}
:ok
