Facts.with_tags(Facts.env_db(), KC3, :op, op = ?, fn (fact) { puts(op); 2 })
:!
:!=
:&
:&&
:"()"
:*
:+
:+i
:-
:/
:";"
:<
:<-
:<<
:<=
:=
:==
:>
:>=
:>>
:"[]"
:^
:bor
:mod
:||
:~
:←
2
op = ? ; void
void
Facts.with_tags(Facts.env_db(), KC3, :op, op, fn (fact) { puts(op); 3 })
:!
:!=
:&
:&&
:"()"
:*
:+
:+i
:-
:/
:";"
:<
:<-
:<<
:<=
:=
:==
:>
:>=
:>>
:"[]"
:^
:bor
:mod
:||
:~
:←
3
type(op)
Var
op = quote op_eq
op_eq
Facts.with_tags(Facts.env_db(), KC3, :op, op, fn (fact) { puts(op); 4 })
void
