fn (x) { x }
fn (x, _y) { x }
fn ([x | _y]) { x }
fn {
  ([]) { :error }
  ([x | _y]) { x }
  (_) { :error }
}
fn (x) do
  "Hello, world !"
  x * (U8) 2
end
fn (x) { x }
(U8) 1
fn (x, _y) { x }
(U8) 1
fn ([x | _y]) { x }
(U8) 1
fn {
  ([]) { :error }
  ([x | _y]) { x }
  (_) { :error2 }
}
(U8) 1
fn (x) do
  "Hello, world !"
  x * (U8) 2
end
(U16) 4
