%GL.Vec2{}
%GL.Vec2{x: (F32) 0.0,
         y: (F32) 0.0}
%GL.Vec3{}
%GL.Vec3{x: (F32) 0.0,
         y: (F32) 0.0,
         z: (F32) 0.0}
%GL.Vertex{}
%GL.Vertex{position: %GL.Vec3{x: (F32) 0.0,
                              y: (F32) 0.0,
                              z: (F32) 0.0},
           normal: %GL.Vec3{x: (F32) 0.0,
                            y: (F32) 0.0,
                            z: (F32) 0.0},
           tex_coord: %GL.Vec2{x: (F32) 0.0,
                               y: (F32) 0.0}}
%GL.Triangle{}
%GL.Triangle{a: (U32) 0,
             b: (U32) 1,
             c: (U32) 2}
