[]
[[]]
[[], []]
[[], [], []]
[[], [], [], []]
[[], []]
[[], [], []]
[[], [], []]
[[], [], [], []]
[[], []]
[[], [], []]
[[], [], [], []]
[[[], []], [], []]
[[[]], []]
[:a]
[:a, :b]
[:a, :b, :c]
[:a | :b]
[:a, :b | :c]
[:a, :b, :c, :d]
[:a, :b, :c | :d]
[:a, :b, :c | :d]
List.map([(U8) 1, (U8) 2, (U8) 3, (U8) 4], fn (x) { x * (U8) 2 })
[(U16) 2, (U16) 4, (U16) 6, (U16) 8]
List.reverse([(U8) 1, (U8) 2, (U8) 3, (U8) 4])
[(U8) 4, (U8) 3, (U8) 2, (U8) 1]
