%{}
%{}
%{a: (U8) 1}
%{a: (U8) 1}
%{a: (U8) 1, b: (U8) 2}
%{a: (U8) 1, b: (U8) 2}
%{a: (U8) 1, b: (U8) 2, c: (U8) 3}
%{a: (U8) 1, b: (U8) 2, c: (U8) 3}
%{a: (U8) 3, b: (U8) 2, c: (U8) 1}
%{a: (U8) 3, b: (U8) 2, c: (U8) 1}
%{"a" => (U8) 1}
%{"a" => (U8) 1}
%{"a" => (U8) 1, "b" => (U8) 2}
%{"a" => (U8) 1, "b" => (U8) 2}
%{"a" => (U8) 1, "b" => (U8) 2, "c" => (U8) 3}
%{"a" => (U8) 1, "b" => (U8) 2, "c" => (U8) 3}
%{"a" => (U8) 3, "b" => (U8) 2, "c" => (U8) 1}
%{"a" => (U8) 3, "b" => (U8) 2, "c" => (U8) 1}
%{(U8) 1 => (U8) 1}
%{(U8) 1 => (U8) 1}
%{(U8) 1 => (U8) 1, (U8) 2 => (U8) 2}
%{(U8) 1 => (U8) 1, (U8) 2 => (U8) 2}
%{(U8) 1 => (U8) 1, (U8) 2 => (U8) 2, (U8) 3 => (U8) 3}
%{(U8) 1 => (U8) 1, (U8) 2 => (U8) 2, (U8) 3 => (U8) 3}
%{(U8) 1 => (U8) 3, (U8) 2 => (U8) 2, (U8) 3 => (U8) 1}
%{(U8) 1 => (U8) 3, (U8) 2 => (U8) 2, (U8) 3 => (U8) 1}
%{(U8) 1 + (U8) 1 => (U8) 2 + (U8) 2}
%{(U8) 2 => (U8) 4}
%{(U8) 1 + (U8) 1 => (U8) 2 + (U8) 2, (U8) 3 + (U8) 3 => (U8) 4 + (U8) 4}
%{(U8) 2 => (U8) 4, (U8) 6 => (U8) 8}
%{(U8) 1 + (U8) 1 => (U8) 2 + (U8) 2, (U8) 3 + (U8) 3 => (U8) 4 + (U8) 4, (U8) 5 + (U8) 5 => (U8) 6 + (U8) 6}
%{(U8) 2 => (U8) 4, (U8) 6 => (U8) 8, (U8) 10 => (U8) 12}
%{(U8) 4 + (U8) 4 => (U8) 3 + (U8) 3, (U8) 5 + (U8) 5 => (U8) 2 + (U8) 2, (U8) 6 + (U8) 6 => (U8) 1 + (U8) 1}
%{(U8) 8 => (U8) 6, (U8) 10 => (U8) 4, (U8) 12 => (U8) 2}
%{a: (U8) 1}
%{a: (U8) 1}
%{a: (U8) 1, b: (U8) 2}
%{a: (U8) 1, b: (U8) 2}
%{a: (U8) 1, b: (U8) 2, c: (U8) 3}
%{a: (U8) 1, b: (U8) 2, c: (U8) 3}
%{a: (U8) 3, b: (U8) 2, c: (U8) 1}
%{a: (U8) 3, b: (U8) 2, c: (U8) 1}
%{} = %{a: (U8) 1, b: (U8) 2}
%{a: (U8) 1, b: (U8) 2}
%{a: a} = %{a: (U8) 1, b: (U8) 2}
%{a: (U8) 1, b: (U8) 2}
a
(U8) 1
%{b: b} = %{a: (U8) 1, b: (U8) 2}
%{a: (U8) 1, b: (U8) 2}
b
(U8) 2
%{a: A, b: A} < %{a: A, b: A}
false
%{a: A, b: A} < %{a: A, c: A}
true
%{a: A, c: A} < %{a: A, b: A}
false
%{a: A, b: A} < %{a: A, b: B}
true
%{a: B, b: A} < %{a: A, b: A}
false
%{a: A, b: A} == %{a: A, b: A}
true
%{a: A, b: A} == %{a: A, c: A}
false
%{a: A, c: A} == %{a: A, b: A}
false
%{a: A, b: A} == %{a: A, b: B}
false
%{a: B, b: A} == %{a: A, b: A}
false
%{a: A, b: A} > %{a: A, b: A}
false
%{a: A, b: A} > %{a: A, c: A}
false
%{a: A, c: A} > %{a: A, b: A}
true
%{a: A, b: A} > %{a: A, b: B}
false
%{a: B, b: A} > %{a: A, b: A}
true
