" "
"\n"
"\0"
"\n"
"\r"
" "
"\t"
"\v"
"0"
"9"
"A"
"Z"
"a"
"z"
"À"
"É"
"Ÿ"
"à"
"é"
"ÿ"
"Π"
"꒴"
"𐅀"
"🎳"
"😄"
"🟣"
"🤩"
"abc"
"abc"
"abc\ndef"
"abc\ndef\n"
"abc\ndef"
"abc\ndef"
"1 + 2 = #{1 + 2}"
"1 + 2 = 3"
"#{%{a: 1,
     b: 2}}"
"%{a: 1,\n  b: 2}"
"#{:+}"
"+"
"#{?}"
"?"
"#{0}"
"0"
"#{:left}"
"left"
"#{%KC3.Operator{}}"
"%KC3.Operator{sym: :+,\n              symbol_value: ?,\n              operator_precedence: 0,\n              operator_associativity: :left}"
"#{%KC3.Operator{sym: :-,
                 symbol_value: ?,
                 operator_precedence: 0,
                 operator_associativity: :left}}"
"%KC3.Operator{sym: :-,\n              symbol_value: ?,\n              operator_precedence: 0,\n              operator_associativity: :left}"
"#{false}"
"false"
"#{(Ptr) 0}"
"(Ptr) 0x0"
"#{(Sw) 0}"
"0"
"#{(Uw) 0}"
"0"
"#{%Buf{}}"
"%Buf{column: (Sw) 0,\n     flush: (Ptr) 0x0,\n     free: false,\n     line: (Sw) 0,\n     ptr: (Ptr) 0x0,\n     read_only: false,\n     refill: (Ptr) 0x0,\n     rpos: (Uw) 0,\n     save: (Ptr) 0x0,\n     seek: (Ptr) 0x0,\n     size: (Uw) 0,\n     user_ptr: (Ptr) 0x0,\n     wpos: (Uw) 0}"
"#{%BufRW{}}"
"%BufRW{r: (Ptr) 0x0,\n        w: (Ptr) 0x0}"
