" "
"\n"
"\0"
"\n"
"\r"
" "
"\t"
"\v"
"0"
"9"
"A"
"Z"
"a"
"z"
"À"
"É"
"Ÿ"
"à"
"é"
"ÿ"
"Π"
"꒴"
"𐅀"
"🎳"
"😄"
"🟣"
"🤩"
"abc"
"abc"
"abc\ndef"
"abc\ndef\n"
"abc\ndef"
"abc\ndef"
"1 + 2 = #{1 + 2}"
"1 + 2 = 3"
"#{%{a: 1, b: 2}}"
"%{a: (U8) 1, b: (U8) 2}"
"#{%KC3.Operator{}}"
"%KC3.Operator{sym: :+, symbol_value: ?, operator_precedence: (U8) 0, operator_associativity: :left}"
"#{%KC3.Operator{sym: :-}}"
"%KC3.Operator{sym: :-, symbol_value: ?, operator_precedence: (U8) 0, operator_associativity: :left}"
